helloworld.Greeter/SayHello
baz: qux
foo: bar, barbar

{
  "name": "alice"
}
